------------------------------------------------------------
Timing Analyzer Summary
------------------------------------------------------------

Type  : Slow 1100mV 85C Model Setup 'PS2_Demo:p0|PS2_Controller:PS2|Altera_UP_PS2_Data_In:PS2_Data_In|received_data_en'
Slack : -5.051
TNS   : -38.100

Type  : Slow 1100mV 85C Model Setup 'CLOCK_50'
Slack : -3.672
TNS   : -63.605

Type  : Slow 1100mV 85C Model Setup 'VGA|mypll|altpll_component|auto_generated|generic_pll1~PLL_OUTPUT_COUNTER|divclk'
Slack : 35.514
TNS   : 0.000

Type  : Slow 1100mV 85C Model Hold 'VGA|mypll|altpll_component|auto_generated|generic_pll1~PLL_OUTPUT_COUNTER|divclk'
Slack : 0.314
TNS   : 0.000

Type  : Slow 1100mV 85C Model Hold 'CLOCK_50'
Slack : 0.360
TNS   : 0.000

Type  : Slow 1100mV 85C Model Hold 'PS2_Demo:p0|PS2_Controller:PS2|Altera_UP_PS2_Data_In:PS2_Data_In|received_data_en'
Slack : 0.812
TNS   : 0.000

Type  : Slow 1100mV 85C Model Minimum Pulse Width 'PS2_Demo:p0|PS2_Controller:PS2|Altera_UP_PS2_Data_In:PS2_Data_In|received_data_en'
Slack : -0.394
TNS   : -4.225

Type  : Slow 1100mV 85C Model Minimum Pulse Width 'VGA|mypll|altpll_component|auto_generated|generic_pll1~FRACTIONAL_PLL|vcoph[0]'
Slack : 1.666
TNS   : 0.000

Type  : Slow 1100mV 85C Model Minimum Pulse Width 'CLOCK_50'
Slack : 8.862
TNS   : 0.000

Type  : Slow 1100mV 85C Model Minimum Pulse Width 'VGA|mypll|altpll_component|auto_generated|generic_pll1~PLL_OUTPUT_COUNTER|divclk'
Slack : 18.771
TNS   : 0.000

Type  : Slow 1100mV 0C Model Setup 'PS2_Demo:p0|PS2_Controller:PS2|Altera_UP_PS2_Data_In:PS2_Data_In|received_data_en'
Slack : -5.062
TNS   : -38.637

Type  : Slow 1100mV 0C Model Setup 'CLOCK_50'
Slack : -3.272
TNS   : -55.560

Type  : Slow 1100mV 0C Model Setup 'VGA|mypll|altpll_component|auto_generated|generic_pll1~PLL_OUTPUT_COUNTER|divclk'
Slack : 35.574
TNS   : 0.000

Type  : Slow 1100mV 0C Model Hold 'CLOCK_50'
Slack : 0.293
TNS   : 0.000

Type  : Slow 1100mV 0C Model Hold 'VGA|mypll|altpll_component|auto_generated|generic_pll1~PLL_OUTPUT_COUNTER|divclk'
Slack : 0.293
TNS   : 0.000

Type  : Slow 1100mV 0C Model Hold 'PS2_Demo:p0|PS2_Controller:PS2|Altera_UP_PS2_Data_In:PS2_Data_In|received_data_en'
Slack : 0.820
TNS   : 0.000

Type  : Slow 1100mV 0C Model Minimum Pulse Width 'PS2_Demo:p0|PS2_Controller:PS2|Altera_UP_PS2_Data_In:PS2_Data_In|received_data_en'
Slack : -0.394
TNS   : -4.182

Type  : Slow 1100mV 0C Model Minimum Pulse Width 'VGA|mypll|altpll_component|auto_generated|generic_pll1~FRACTIONAL_PLL|vcoph[0]'
Slack : 1.666
TNS   : 0.000

Type  : Slow 1100mV 0C Model Minimum Pulse Width 'CLOCK_50'
Slack : 8.813
TNS   : 0.000

Type  : Slow 1100mV 0C Model Minimum Pulse Width 'VGA|mypll|altpll_component|auto_generated|generic_pll1~PLL_OUTPUT_COUNTER|divclk'
Slack : 18.747
TNS   : 0.000

Type  : Fast 1100mV 85C Model Setup 'CLOCK_50'
Slack : -3.102
TNS   : -52.341

Type  : Fast 1100mV 85C Model Setup 'PS2_Demo:p0|PS2_Controller:PS2|Altera_UP_PS2_Data_In:PS2_Data_In|received_data_en'
Slack : -2.418
TNS   : -18.028

Type  : Fast 1100mV 85C Model Setup 'VGA|mypll|altpll_component|auto_generated|generic_pll1~PLL_OUTPUT_COUNTER|divclk'
Slack : 37.323
TNS   : 0.000

Type  : Fast 1100mV 85C Model Hold 'CLOCK_50'
Slack : 0.177
TNS   : 0.000

Type  : Fast 1100mV 85C Model Hold 'VGA|mypll|altpll_component|auto_generated|generic_pll1~PLL_OUTPUT_COUNTER|divclk'
Slack : 0.188
TNS   : 0.000

Type  : Fast 1100mV 85C Model Hold 'PS2_Demo:p0|PS2_Controller:PS2|Altera_UP_PS2_Data_In:PS2_Data_In|received_data_en'
Slack : 0.400
TNS   : 0.000

Type  : Fast 1100mV 85C Model Minimum Pulse Width 'PS2_Demo:p0|PS2_Controller:PS2|Altera_UP_PS2_Data_In:PS2_Data_In|received_data_en'
Slack : 0.101
TNS   : 0.000

Type  : Fast 1100mV 85C Model Minimum Pulse Width 'VGA|mypll|altpll_component|auto_generated|generic_pll1~FRACTIONAL_PLL|vcoph[0]'
Slack : 1.666
TNS   : 0.000

Type  : Fast 1100mV 85C Model Minimum Pulse Width 'CLOCK_50'
Slack : 8.814
TNS   : 0.000

Type  : Fast 1100mV 85C Model Minimum Pulse Width 'VGA|mypll|altpll_component|auto_generated|generic_pll1~PLL_OUTPUT_COUNTER|divclk'
Slack : 18.886
TNS   : 0.000

Type  : Fast 1100mV 0C Model Setup 'CLOCK_50'
Slack : -2.460
TNS   : -41.045

Type  : Fast 1100mV 0C Model Setup 'PS2_Demo:p0|PS2_Controller:PS2|Altera_UP_PS2_Data_In:PS2_Data_In|received_data_en'
Slack : -2.300
TNS   : -17.331

Type  : Fast 1100mV 0C Model Setup 'VGA|mypll|altpll_component|auto_generated|generic_pll1~PLL_OUTPUT_COUNTER|divclk'
Slack : 37.574
TNS   : 0.000

Type  : Fast 1100mV 0C Model Hold 'CLOCK_50'
Slack : 0.167
TNS   : 0.000

Type  : Fast 1100mV 0C Model Hold 'VGA|mypll|altpll_component|auto_generated|generic_pll1~PLL_OUTPUT_COUNTER|divclk'
Slack : 0.170
TNS   : 0.000

Type  : Fast 1100mV 0C Model Hold 'PS2_Demo:p0|PS2_Controller:PS2|Altera_UP_PS2_Data_In:PS2_Data_In|received_data_en'
Slack : 0.371
TNS   : 0.000

Type  : Fast 1100mV 0C Model Minimum Pulse Width 'PS2_Demo:p0|PS2_Controller:PS2|Altera_UP_PS2_Data_In:PS2_Data_In|received_data_en'
Slack : 0.112
TNS   : 0.000

Type  : Fast 1100mV 0C Model Minimum Pulse Width 'VGA|mypll|altpll_component|auto_generated|generic_pll1~FRACTIONAL_PLL|vcoph[0]'
Slack : 1.666
TNS   : 0.000

Type  : Fast 1100mV 0C Model Minimum Pulse Width 'CLOCK_50'
Slack : 8.808
TNS   : 0.000

Type  : Fast 1100mV 0C Model Minimum Pulse Width 'VGA|mypll|altpll_component|auto_generated|generic_pll1~PLL_OUTPUT_COUNTER|divclk'
Slack : 18.884
TNS   : 0.000

------------------------------------------------------------
